---
source: lexer/tests/basic.rs
expression: "scan_one(\"\\n\\n\\n\")"
---
Ok(
    [
        NewLine,
        NewLine,
        NewLine,
    ],
)
