---
source: lexer/tests/basic.rs
expression: "scan_one(\"world\")"
---
Ok(
    [
        Litteral(
            "world",
        ),
    ],
)
