---
source: lexer/tests/basic.rs
expression: "scan_one(\"   \")"
---
Ok(
    [
        Space,
        Space,
        Space,
    ],
)
