---
source: lexer/tests/basic.rs
expression: "scan_one(\"4567\")"
---
Ok(
    [
        Numeric(
            [
                4,
                5,
                6,
                7,
            ],
        ),
    ],
)
