---
source: lexer/tests/basic.rs
expression: "scan_one(\"[(])\")"
---
Ok(
    [
        OpenBracket,
        OpenParenthesis,
        CloseBracket,
        CloseParenthesis,
    ],
)
