---
source: lexer/tests/basic.rs
expression: "scan_one(\"hello\")"
---
Ok(
    [
        Litteral(
            "hello",
        ),
    ],
)
