---
source: lexer/tests/basic.rs
expression: "scan_one(\",,,\")"
---
Ok(
    [
        Comma,
        Comma,
        Comma,
    ],
)
