---
source: lexer/tests/basic.rs
expression: "scan_one(\"...\")"
---
Ok(
    [
        Dot,
        Dot,
        Dot,
    ],
)
