---
source: src/lexer.rs
expression: "scan_one(\"!!!\")"
---
Ok(
    [
        Bang,
        Bang,
        Bang,
    ],
)
