---
source: src/lexer.rs
expression: "scan_one(\"   \")"
---
Ok(
    [
        Space,
        Space,
        Space,
    ],
)
