---
source: src/lexer.rs
expression: "scan_one(\"hello\")"
---
Ok(
    [
        Litteral(
            "hello",
        ),
    ],
)
