---
source: src/lexer.rs
expression: "scan_one(\"0\")"
---
Ok(
    [
        Numeric(
            [
                0,
            ],
        ),
    ],
)
