---
source: src/lexer.rs
expression: "scan_one(\"world\")"
---
Ok(
    [
        Litteral(
            "world",
        ),
    ],
)
