---
source: src/lexer.rs
expression: "scan_one(\"Hello\\x00World\")"
---
Ok(
    [
        Litteral(
            "Hello\0World",
        ),
    ],
)
