---
source: src/lexer.rs
expression: "scan_one(\"\\\"Hello\\\\nWorld\\\"\")"
---
Ok(
    [
        DoubleQuote,
        Litteral(
            "Hello\\nWorld",
        ),
        DoubleQuote,
    ],
)
